// Vitest Snapshot v1, https://vitest.dev/guide/snapshot.html

exports[`complex !!false 1`] = `false`;

exports[`complex !false 1`] = `true`;

exports[`complex () 1`] = `[]`;

exports[`complex (1,) 1`] = `
[
  1,
]
`;

exports[`complex (1,2) 1`] = `
[
  1,
  2,
]
`;

exports[`complex ~~~~1 1`] = `1`;

exports[`complex ~1 1`] = `-2`;

exports[`complex ---1 1`] = `-1`;

exports[`complex -1 1`] = `-1`;

exports[`complex 1  in (1,) 1`] = `true`;

exports[`complex 1 != 2 1`] = `true`;

exports[`complex 1 % 2 1`] = `1`;

exports[`complex 1 & 2 1`] = `0`;

exports[`complex 1 * 2 1`] = `2`;

exports[`complex 1 ** 2 1`] = `1`;

exports[`complex 1 + 2 1`] = `3`;

exports[`complex 1 / 2 1`] = `0.5`;

exports[`complex 1 < 2 1`] = `true`;

exports[`complex 1 << 2 1`] = `4`;

exports[`complex 1 <= 2 1`] = `true`;

exports[`complex 1 <> 2 1`] = `true`;

exports[`complex 1 = 2 1`] = `false`;

exports[`complex 1 > 2 1`] = `false`;

exports[`complex 1 >= 2 1`] = `false`;

exports[`complex 1 >> 2 1`] = `0`;

exports[`complex 1 ^ 2 1`] = `3`;

exports[`complex 1 | 2 1`] = `3`;

exports[`complex 1 - 2 1`] = `-1`;

exports[`complex 1 not in (1,) 1`] = `false`;

exports[`complex true && false 1`] = `false`;

exports[`complex true || false 1`] = `true`;

exports[`complex true and false 1`] = `false`;

exports[`complex true or false 1`] = `true`;

exports[`simple !!false 1`] = `false`;

exports[`simple !false 1`] = `true`;

exports[`simple () 1`] = `[]`;

exports[`simple (1,) 1`] = `
[
  1,
]
`;

exports[`simple (1,2) 1`] = `
[
  1,
  2,
]
`;

exports[`simple ~~~~1 1`] = `1`;

exports[`simple ~1 1`] = `-2`;

exports[`simple ---1 1`] = `-1`;

exports[`simple -1 1`] = `-1`;

exports[`simple 1  in (1,) 1`] = `true`;

exports[`simple 1 != 2 1`] = `true`;

exports[`simple 1 % 2 1`] = `1`;

exports[`simple 1 & 2 1`] = `0`;

exports[`simple 1 * 2 1`] = `2`;

exports[`simple 1 ** 2 1`] = `1`;

exports[`simple 1 + 2 1`] = `3`;

exports[`simple 1 / 2 1`] = `0.5`;

exports[`simple 1 < 2 1`] = `true`;

exports[`simple 1 << 2 1`] = `4`;

exports[`simple 1 <= 2 1`] = `true`;

exports[`simple 1 <> 2 1`] = `true`;

exports[`simple 1 = 2 1`] = `false`;

exports[`simple 1 > 2 1`] = `false`;

exports[`simple 1 >= 2 1`] = `false`;

exports[`simple 1 >> 2 1`] = `0`;

exports[`simple 1 ^ 2 1`] = `3`;

exports[`simple 1 | 2 1`] = `3`;

exports[`simple 1 - 2 1`] = `-1`;

exports[`simple 1 not in (1,) 1`] = `false`;

exports[`simple true && false 1`] = `false`;

exports[`simple true || false 1`] = `true`;

exports[`simple true and false 1`] = `false`;

exports[`simple true or false 1`] = `true`;
